<html>
<body>
<pre>
<h1>µVision Build Log</h1>
<h2>Tool Versions:</h2>
IDE-Version: µVision V5.17.0.0
Copyright (C) 2015 ARM Ltd and ARM Germany GmbH. All rights reserved.
License Information: Huy Luu, Haha, LIC=----
 
Tool Versions:
Toolchain:       MDK-Lite  Version: 5.17
Toolchain Path:  D:\Keil V5\ARM\ARMCC\Bin
C Compiler:      Armcc.exe V5.06 update 1 (build 61)
Assembler:       Armasm.exe V5.06 update 1 (build 61)
Linker/Locator:  ArmLink.exe V5.06 update 1 (build 61)
Library Manager: ArmAr.exe V5.06 update 1 (build 61)
Hex Converter:   FromElf.exe V5.06 update 1 (build 61)
CPU DLL:         SARMCM3.DLL V5.17
Dialog DLL:      DCM.DLL V1.13.4.0
Target DLL:      STLink\ST-LINKIII-KEIL_SWO.dll V2.0.18.0
Dialog DLL:      TCM.DLL V1.14.6.0
 
<h2>Project:</h2>
E:\New folder\BK\HK212\Luan_van_tot_nghiep\GPS_Cart\GPS_Cart\MDK-ARM\GPS_Cart.uvprojx
Project File Date:  03/11/2022

<h2>Output:</h2>
*** Using Compiler 'V5.06 update 1 (build 61)', folder: 'D:\Keil V5\ARM\ARMCC\Bin'
Build target 'GPS_Cart'
compiling main.c...
.\Functions\Functions.h(21): warning:  #1295-D: Deprecated declaration changeUART2Baud - give arg types
  extern void changeUART2Baud();
.\Functions\Functions.h(25): warning:  #1295-D: Deprecated declaration compassInit - give arg types
  void compassInit();
.\Functions\Functions.h(30): warning:  #1295-D: Deprecated declaration disableAllSentence - give arg types
  void disableAllSentence();
.\Functions\Functions.h(31): warning:  #1295-D: Deprecated declaration enableGPGLL - give arg types
  void enableGPGLL();
.\Functions\Functions.h(33): warning:  #1295-D: Deprecated declaration changeBaudrate - give arg types
  void changeBaudrate();
.\Functions\Functions.h(34): warning:  #1295-D: Deprecated declaration changeRate - give arg types
  void changeRate();
../Core/Src/main.c(74): warning:  #223-D: function "sprintf" declared implicitly
  		sprintf(msg,"\r\n",2,10);
../Core/Src/main.c(137): warning:  #223-D: function "GPS_Init" declared implicitly
  	GPS_Init();
../Core/Src/main.c: 8 warnings, 0 errors
compiling Functions.c...
Functions.h(21): warning:  #1295-D: Deprecated declaration changeUART2Baud - give arg types
  extern void changeUART2Baud();
Functions.h(25): warning:  #1295-D: Deprecated declaration compassInit - give arg types
  void compassInit();
Functions.h(30): warning:  #1295-D: Deprecated declaration disableAllSentence - give arg types
  void disableAllSentence();
Functions.h(31): warning:  #1295-D: Deprecated declaration enableGPGLL - give arg types
  void enableGPGLL();
Functions.h(33): warning:  #1295-D: Deprecated declaration changeBaudrate - give arg types
  void changeBaudrate();
Functions.h(34): warning:  #1295-D: Deprecated declaration changeRate - give arg types
  void changeRate();
Functions.c: 6 warnings, 0 errors
linking...
Program Size: Code=11240 RO-data=308 RW-data=88 ZI-data=1480  
FromELF: creating hex file...
"GPS_Cart\GPS_Cart.axf" - 0 Error(s), 14 Warning(s).

<h2>Software Packages used:</h2>

Package Vendor: ARM
                http://www.keil.com/pack/ARM.CMSIS.4.5.0.pack
                ARM::CMSIS:CORE:4.3.0
                CMSIS (Cortex Microcontroller Software Interface Standard)
   * Component: CORE Version: 4.3.0

<h2>Collection of Component include folders:</h2>
  E:\New folder\BK\HK212\Luan_van_tot_nghiep\GPS_Cart\GPS_Cart\MDK-ARM\RTE
  D:\Keil V5\ARM\PACK\ARM\CMSIS\4.5.0\CMSIS\Include
  D:\Keil V5\ARM\PACK\Keil\STM32F1xx_DFP\2.3.0\Device\Include

<h2>Collection of Component Files used:</h2>

   * Component: ARM::CMSIS:CORE:4.3.0
Build Time Elapsed:  00:00:04
</pre>
</body>
</html>
